[36mvite v5.4.21 [32mbuilding for production...[36m[39m
transforming...
[32m✓[39m 3837 modules transformed.
rendering chunks...
computing gzip size...
[2mdist/[22m[32mindex.html                 [39m[1m[2m    0.46 kB[22m[1m[22m[2m │ gzip:   0.33 kB[22m
[2mdist/[22m[35massets/index-DDTj0lSJ.css  [39m[1m[2m    1.78 kB[22m[1m[22m[2m │ gzip:   0.78 kB[22m
[2mdist/[22m[36massets/index-Bu2s-btO.js   [39m[1m[33m2,404.44 kB[39m[22m[2m │ gzip: 749.19 kB[22m
[32m✓ built in 37.58s[39m
